	____________________________________________________________

	 ____        _        
	|  _ \ _   _| | _____ 
	| | | | | | | |/ / _ \
	| |_| | |_| |   <  __/
	|____/ \__,_|_|\_\___|

	Hello! I'm Duke
	What can I do for you?
	____________________________________________________________

	____________________________________________________________

	☹ OOPS!!! Please enter the right format for the task
	____________________________________________________________

	____________________________________________________________

	☹ OOPS!!! Please enter the right format for the task
	____________________________________________________________

	____________________________________________________________

	☹ OOPS!!! Please enter the right format for the task
	____________________________________________________________

	____________________________________________________________

	☹ OOPS!!! Please enter the right format for the task
	____________________________________________________________

	____________________________________________________________

	Got it. I've added this task:
	 [D][ ] eat (by: 3pm (test no spacing))
	Now you have 1 task
	____________________________________________________________

	____________________________________________________________

	Got it. I've added this task:
	 [D][ ] eat (by: 3pm (test spacing))
	Now you have 2 tasks
	____________________________________________________________

	____________________________________________________________

	Here are the tasks in your list:
	1.[D][ ] eat (by: 3pm (test no spacing))
	2.[D][ ] eat (by: 3pm (test spacing))
	____________________________________________________________

	____________________________________________________________

	Please enter a command keyword.
	____________________________________________________________

	____________________________________________________________

	☹ OOPS!!! Please enter the right format for the task
	____________________________________________________________

	____________________________________________________________

	☹ OOPS!!! Please enter the right format for the task
	____________________________________________________________

	____________________________________________________________

	☹ OOPS!!! Please enter the right format for the task
	____________________________________________________________

	____________________________________________________________

	☹ OOPS!!! Please enter the right format for the task
	____________________________________________________________

	____________________________________________________________

	☹ OOPS!!! Please enter the right format for the task
	____________________________________________________________

	____________________________________________________________

	Got it. I've added this task:
	 [E][ ] circus (at: 8pm (test no spacing))
	Now you have 3 tasks
	____________________________________________________________

	____________________________________________________________

	Got it. I've added this task:
	 [E][ ] circus (at: 8pm (test spacing))
	Now you have 4 tasks
	____________________________________________________________

	____________________________________________________________

	Please enter a command keyword.
	____________________________________________________________

	____________________________________________________________

	☹ OOPS!!! I'm sorry, but I don't know what that means :-(
	____________________________________________________________

	____________________________________________________________

	☹ OOPS!!! The description of a task cannot be empty.
	____________________________________________________________

	____________________________________________________________

	☹ OOPS!!! The description of a task cannot be empty.
	____________________________________________________________

	____________________________________________________________

	☹ OOPS!!! The description of a task cannot be empty.
	____________________________________________________________

	____________________________________________________________

	Here are the tasks in your list:
	1.[D][ ] eat (by: 3pm (test no spacing))
	2.[D][ ] eat (by: 3pm (test spacing))
	3.[E][ ] circus (at: 8pm (test no spacing))
	4.[E][ ] circus (at: 8pm (test spacing))
	____________________________________________________________

	____________________________________________________________

	Please enter a command keyword.
	____________________________________________________________

	____________________________________________________________

	Got it. I've added this task:
	 [T][ ] clean room
	Now you have 5 tasks
	____________________________________________________________

	____________________________________________________________

	Got it. I've added this task:
	 [T][ ] clean room
	Now you have 6 tasks
	____________________________________________________________

	____________________________________________________________

	Here are the tasks in your list:
	1.[D][ ] eat (by: 3pm (test no spacing))
	2.[D][ ] eat (by: 3pm (test spacing))
	3.[E][ ] circus (at: 8pm (test no spacing))
	4.[E][ ] circus (at: 8pm (test spacing))
	5.[T][ ] clean room
	6.[T][ ] clean room
	____________________________________________________________

	____________________________________________________________

	Please enter a command keyword.
	____________________________________________________________

	____________________________________________________________

	Nice! I've marked this task as done:
	[D][X] eat (by: 3pm (test no spacing))
	____________________________________________________________

	____________________________________________________________

	Nice! I've marked this task as done:
	[D][X] eat (by: 3pm (test spacing))
	____________________________________________________________

	____________________________________________________________

	☹ OOPS!!! Task number is not an integer. Please try again!
	____________________________________________________________

	____________________________________________________________

	☹ OOPS!!! Task number is out of bounds. Please try again!
	____________________________________________________________

	____________________________________________________________

	☹ OOPS!!! You only have 6 tasks
	Please enter a number smaller or equal to 6
	____________________________________________________________

	____________________________________________________________

	☹ OOPS!!! Task number is out of bounds. Please try again!
	____________________________________________________________

	____________________________________________________________

	Here are the tasks in your list:
	1.[D][X] eat (by: 3pm (test no spacing))
	2.[D][X] eat (by: 3pm (test spacing))
	3.[E][ ] circus (at: 8pm (test no spacing))
	4.[E][ ] circus (at: 8pm (test spacing))
	5.[T][ ] clean room
	6.[T][ ] clean room
	____________________________________________________________

	____________________________________________________________

	Bye. Hope to see you again soon!
	____________________________________________________________

