	____________________________________________________________

	 ____        _        
	|  _ \ _   _| | _____ 
	| | | | | | | |/ / _ \
	| |_| | |_| |   <  __/
	|____/ \__,_|_|\_\___|

	Hello! I'm Duke
	What can I do for you?
	____________________________________________________________

	____________________________________________________________

	Got it. I've added this task:
	 [T][ ] 1
	Now you have 1 task
	____________________________________________________________

	____________________________________________________________

	Got it. I've added this task:
	 [T][ ] 2
	Now you have 2 tasks
	____________________________________________________________

	____________________________________________________________

	Got it. I've added this task:
	 [T][ ] 3
	Now you have 3 tasks
	____________________________________________________________

	____________________________________________________________

	Got it. I've added this task:
	 [T][ ] 4
	Now you have 4 tasks
	____________________________________________________________

	____________________________________________________________

	Got it. I've added this task:
	 [T][ ] 5
	Now you have 5 tasks
	____________________________________________________________

	____________________________________________________________

	Got it. I've added this task:
	 [T][ ] 6
	Now you have 6 tasks
	____________________________________________________________

	____________________________________________________________

	Got it. I've added this task:
	 [T][ ] 7
	Now you have 7 tasks
	____________________________________________________________

	____________________________________________________________

	Got it. I've added this task:
	 [T][ ] 8
	Now you have 8 tasks
	____________________________________________________________

	____________________________________________________________

	Got it. I've added this task:
	 [T][ ] 9
	Now you have 9 tasks
	____________________________________________________________

	____________________________________________________________

	Got it. I've added this task:
	 [T][ ] 10
	Now you have 10 tasks
	____________________________________________________________

	____________________________________________________________

	Got it. I've added this task:
	 [T][ ] 11
	Now you have 11 tasks
	____________________________________________________________

	____________________________________________________________

	Got it. I've added this task:
	 [T][ ] 12
	Now you have 12 tasks
	____________________________________________________________

	____________________________________________________________

	Got it. I've added this task:
	 [T][ ] 13
	Now you have 13 tasks
	____________________________________________________________

	____________________________________________________________

	Got it. I've added this task:
	 [T][ ] 14
	Now you have 14 tasks
	____________________________________________________________

	____________________________________________________________

	Got it. I've added this task:
	 [T][ ] 15
	Now you have 15 tasks
	____________________________________________________________

	____________________________________________________________

	Got it. I've added this task:
	 [T][ ] 16
	Now you have 16 tasks
	____________________________________________________________

	____________________________________________________________

	Got it. I've added this task:
	 [T][ ] 17
	Now you have 17 tasks
	____________________________________________________________

	____________________________________________________________

	Got it. I've added this task:
	 [T][ ] 18
	Now you have 18 tasks
	____________________________________________________________

	____________________________________________________________

	Got it. I've added this task:
	 [T][ ] 19
	Now you have 19 tasks
	____________________________________________________________

	____________________________________________________________

	Got it. I've added this task:
	 [T][ ] 20
	Now you have 20 tasks
	____________________________________________________________

	____________________________________________________________

	Got it. I've added this task:
	 [T][ ] 21
	Now you have 21 tasks
	____________________________________________________________

	____________________________________________________________

	Got it. I've added this task:
	 [T][ ] 22
	Now you have 22 tasks
	____________________________________________________________

	____________________________________________________________

	Got it. I've added this task:
	 [T][ ] 23
	Now you have 23 tasks
	____________________________________________________________

	____________________________________________________________

	Got it. I've added this task:
	 [T][ ] 24
	Now you have 24 tasks
	____________________________________________________________

	____________________________________________________________

	Got it. I've added this task:
	 [T][ ] 25
	Now you have 25 tasks
	____________________________________________________________

	____________________________________________________________

	Got it. I've added this task:
	 [T][ ] 26
	Now you have 26 tasks
	____________________________________________________________

	____________________________________________________________

	Got it. I've added this task:
	 [T][ ] 27
	Now you have 27 tasks
	____________________________________________________________

	____________________________________________________________

	Got it. I've added this task:
	 [T][ ] 28
	Now you have 28 tasks
	____________________________________________________________

	____________________________________________________________

	Got it. I've added this task:
	 [T][ ] 29
	Now you have 29 tasks
	____________________________________________________________

	____________________________________________________________

	Got it. I've added this task:
	 [T][ ] 30
	Now you have 30 tasks
	____________________________________________________________

	____________________________________________________________

	Got it. I've added this task:
	 [T][ ] 31
	Now you have 31 tasks
	____________________________________________________________

	____________________________________________________________

	Got it. I've added this task:
	 [T][ ] 32
	Now you have 32 tasks
	____________________________________________________________

	____________________________________________________________

	Got it. I've added this task:
	 [T][ ] 33
	Now you have 33 tasks
	____________________________________________________________

	____________________________________________________________

	Got it. I've added this task:
	 [T][ ] 34
	Now you have 34 tasks
	____________________________________________________________

	____________________________________________________________

	Got it. I've added this task:
	 [T][ ] 35
	Now you have 35 tasks
	____________________________________________________________

	____________________________________________________________

	Got it. I've added this task:
	 [T][ ] 36
	Now you have 36 tasks
	____________________________________________________________

	____________________________________________________________

	Got it. I've added this task:
	 [T][ ] 37
	Now you have 37 tasks
	____________________________________________________________

	____________________________________________________________

	Got it. I've added this task:
	 [T][ ] 38
	Now you have 38 tasks
	____________________________________________________________

	____________________________________________________________

	Got it. I've added this task:
	 [T][ ] 39
	Now you have 39 tasks
	____________________________________________________________

	____________________________________________________________

	Got it. I've added this task:
	 [T][ ] 40
	Now you have 40 tasks
	____________________________________________________________

	____________________________________________________________

	Got it. I've added this task:
	 [T][ ] 41
	Now you have 41 tasks
	____________________________________________________________

	____________________________________________________________

	Got it. I've added this task:
	 [T][ ] 42
	Now you have 42 tasks
	____________________________________________________________

	____________________________________________________________

	Got it. I've added this task:
	 [T][ ] 43
	Now you have 43 tasks
	____________________________________________________________

	____________________________________________________________

	Got it. I've added this task:
	 [T][ ] 44
	Now you have 44 tasks
	____________________________________________________________

	____________________________________________________________

	Got it. I've added this task:
	 [T][ ] 45
	Now you have 45 tasks
	____________________________________________________________

	____________________________________________________________

	Got it. I've added this task:
	 [T][ ] 46
	Now you have 46 tasks
	____________________________________________________________

	____________________________________________________________

	Got it. I've added this task:
	 [T][ ] 47
	Now you have 47 tasks
	____________________________________________________________

	____________________________________________________________

	Got it. I've added this task:
	 [T][ ] 48
	Now you have 48 tasks
	____________________________________________________________

	____________________________________________________________

	Got it. I've added this task:
	 [T][ ] 49
	Now you have 49 tasks
	____________________________________________________________

	____________________________________________________________

	Got it. I've added this task:
	 [T][ ] 50
	Now you have 50 tasks
	____________________________________________________________

	____________________________________________________________

	Got it. I've added this task:
	 [T][ ] 51
	Now you have 51 tasks
	____________________________________________________________

	____________________________________________________________

	Got it. I've added this task:
	 [T][ ] 52
	Now you have 52 tasks
	____________________________________________________________

	____________________________________________________________

	Got it. I've added this task:
	 [T][ ] 53
	Now you have 53 tasks
	____________________________________________________________

	____________________________________________________________

	Got it. I've added this task:
	 [T][ ] 54
	Now you have 54 tasks
	____________________________________________________________

	____________________________________________________________

	Got it. I've added this task:
	 [T][ ] 55
	Now you have 55 tasks
	____________________________________________________________

	____________________________________________________________

	Got it. I've added this task:
	 [T][ ] 56
	Now you have 56 tasks
	____________________________________________________________

	____________________________________________________________

	Got it. I've added this task:
	 [T][ ] 57
	Now you have 57 tasks
	____________________________________________________________

	____________________________________________________________

	Got it. I've added this task:
	 [T][ ] 58
	Now you have 58 tasks
	____________________________________________________________

	____________________________________________________________

	Got it. I've added this task:
	 [T][ ] 59
	Now you have 59 tasks
	____________________________________________________________

	____________________________________________________________

	Got it. I've added this task:
	 [T][ ] 60
	Now you have 60 tasks
	____________________________________________________________

	____________________________________________________________

	Got it. I've added this task:
	 [T][ ] 61
	Now you have 61 tasks
	____________________________________________________________

	____________________________________________________________

	Got it. I've added this task:
	 [T][ ] 62
	Now you have 62 tasks
	____________________________________________________________

	____________________________________________________________

	Got it. I've added this task:
	 [T][ ] 63
	Now you have 63 tasks
	____________________________________________________________

	____________________________________________________________

	Got it. I've added this task:
	 [T][ ] 64
	Now you have 64 tasks
	____________________________________________________________

	____________________________________________________________

	Got it. I've added this task:
	 [T][ ] 65
	Now you have 65 tasks
	____________________________________________________________

	____________________________________________________________

	Got it. I've added this task:
	 [T][ ] 66
	Now you have 66 tasks
	____________________________________________________________

	____________________________________________________________

	Got it. I've added this task:
	 [T][ ] 67
	Now you have 67 tasks
	____________________________________________________________

	____________________________________________________________

	Got it. I've added this task:
	 [T][ ] 68
	Now you have 68 tasks
	____________________________________________________________

	____________________________________________________________

	Got it. I've added this task:
	 [T][ ] 69
	Now you have 69 tasks
	____________________________________________________________

	____________________________________________________________

	Got it. I've added this task:
	 [T][ ] 70
	Now you have 70 tasks
	____________________________________________________________

	____________________________________________________________

	Got it. I've added this task:
	 [T][ ] 71
	Now you have 71 tasks
	____________________________________________________________

	____________________________________________________________

	Got it. I've added this task:
	 [T][ ] 72
	Now you have 72 tasks
	____________________________________________________________

	____________________________________________________________

	Got it. I've added this task:
	 [T][ ] 73
	Now you have 73 tasks
	____________________________________________________________

	____________________________________________________________

	Got it. I've added this task:
	 [T][ ] 74
	Now you have 74 tasks
	____________________________________________________________

	____________________________________________________________

	Got it. I've added this task:
	 [T][ ] 75
	Now you have 75 tasks
	____________________________________________________________

	____________________________________________________________

	Got it. I've added this task:
	 [T][ ] 76
	Now you have 76 tasks
	____________________________________________________________

	____________________________________________________________

	Got it. I've added this task:
	 [T][ ] 77
	Now you have 77 tasks
	____________________________________________________________

	____________________________________________________________

	Got it. I've added this task:
	 [T][ ] 78
	Now you have 78 tasks
	____________________________________________________________

	____________________________________________________________

	Got it. I've added this task:
	 [T][ ] 79
	Now you have 79 tasks
	____________________________________________________________

	____________________________________________________________

	Got it. I've added this task:
	 [T][ ] 80
	Now you have 80 tasks
	____________________________________________________________

	____________________________________________________________

	Got it. I've added this task:
	 [T][ ] 81
	Now you have 81 tasks
	____________________________________________________________

	____________________________________________________________

	Got it. I've added this task:
	 [T][ ] 82
	Now you have 82 tasks
	____________________________________________________________

	____________________________________________________________

	Got it. I've added this task:
	 [T][ ] 83
	Now you have 83 tasks
	____________________________________________________________

	____________________________________________________________

	Got it. I've added this task:
	 [T][ ] 84
	Now you have 84 tasks
	____________________________________________________________

	____________________________________________________________

	Got it. I've added this task:
	 [T][ ] 85
	Now you have 85 tasks
	____________________________________________________________

	____________________________________________________________

	Got it. I've added this task:
	 [T][ ] 86
	Now you have 86 tasks
	____________________________________________________________

	____________________________________________________________

	Got it. I've added this task:
	 [T][ ] 87
	Now you have 87 tasks
	____________________________________________________________

	____________________________________________________________

	Got it. I've added this task:
	 [T][ ] 88
	Now you have 88 tasks
	____________________________________________________________

	____________________________________________________________

	Got it. I've added this task:
	 [T][ ] 89
	Now you have 89 tasks
	____________________________________________________________

	____________________________________________________________

	Got it. I've added this task:
	 [T][ ] 90
	Now you have 90 tasks
	____________________________________________________________

	____________________________________________________________

	Got it. I've added this task:
	 [T][ ] 91
	Now you have 91 tasks
	____________________________________________________________

	____________________________________________________________

	Got it. I've added this task:
	 [T][ ] 92
	Now you have 92 tasks
	____________________________________________________________

	____________________________________________________________

	Got it. I've added this task:
	 [T][ ] 93
	Now you have 93 tasks
	____________________________________________________________

	____________________________________________________________

	Got it. I've added this task:
	 [T][ ] 94
	Now you have 94 tasks
	____________________________________________________________

	____________________________________________________________

	Got it. I've added this task:
	 [T][ ] 95
	Now you have 95 tasks
	____________________________________________________________

	____________________________________________________________

	Got it. I've added this task:
	 [T][ ] 96
	Now you have 96 tasks
	____________________________________________________________

	____________________________________________________________

	Got it. I've added this task:
	 [T][ ] 97
	Now you have 97 tasks
	____________________________________________________________

	____________________________________________________________

	Got it. I've added this task:
	 [T][ ] 98
	Now you have 98 tasks
	____________________________________________________________

	____________________________________________________________

	Got it. I've added this task:
	 [T][ ] 99
	Now you have 99 tasks
	____________________________________________________________

	____________________________________________________________

	Got it. I've added this task:
	 [T][ ] 100
	Now you have 100 tasks
	____________________________________________________________

	____________________________________________________________

	Here are the tasks in your list:
	1.[T][ ] 1
	2.[T][ ] 2
	3.[T][ ] 3
	4.[T][ ] 4
	5.[T][ ] 5
	6.[T][ ] 6
	7.[T][ ] 7
	8.[T][ ] 8
	9.[T][ ] 9
	10.[T][ ] 10
	11.[T][ ] 11
	12.[T][ ] 12
	13.[T][ ] 13
	14.[T][ ] 14
	15.[T][ ] 15
	16.[T][ ] 16
	17.[T][ ] 17
	18.[T][ ] 18
	19.[T][ ] 19
	20.[T][ ] 20
	21.[T][ ] 21
	22.[T][ ] 22
	23.[T][ ] 23
	24.[T][ ] 24
	25.[T][ ] 25
	26.[T][ ] 26
	27.[T][ ] 27
	28.[T][ ] 28
	29.[T][ ] 29
	30.[T][ ] 30
	31.[T][ ] 31
	32.[T][ ] 32
	33.[T][ ] 33
	34.[T][ ] 34
	35.[T][ ] 35
	36.[T][ ] 36
	37.[T][ ] 37
	38.[T][ ] 38
	39.[T][ ] 39
	40.[T][ ] 40
	41.[T][ ] 41
	42.[T][ ] 42
	43.[T][ ] 43
	44.[T][ ] 44
	45.[T][ ] 45
	46.[T][ ] 46
	47.[T][ ] 47
	48.[T][ ] 48
	49.[T][ ] 49
	50.[T][ ] 50
	51.[T][ ] 51
	52.[T][ ] 52
	53.[T][ ] 53
	54.[T][ ] 54
	55.[T][ ] 55
	56.[T][ ] 56
	57.[T][ ] 57
	58.[T][ ] 58
	59.[T][ ] 59
	60.[T][ ] 60
	61.[T][ ] 61
	62.[T][ ] 62
	63.[T][ ] 63
	64.[T][ ] 64
	65.[T][ ] 65
	66.[T][ ] 66
	67.[T][ ] 67
	68.[T][ ] 68
	69.[T][ ] 69
	70.[T][ ] 70
	71.[T][ ] 71
	72.[T][ ] 72
	73.[T][ ] 73
	74.[T][ ] 74
	75.[T][ ] 75
	76.[T][ ] 76
	77.[T][ ] 77
	78.[T][ ] 78
	79.[T][ ] 79
	80.[T][ ] 80
	81.[T][ ] 81
	82.[T][ ] 82
	83.[T][ ] 83
	84.[T][ ] 84
	85.[T][ ] 85
	86.[T][ ] 86
	87.[T][ ] 87
	88.[T][ ] 88
	89.[T][ ] 89
	90.[T][ ] 90
	91.[T][ ] 91
	92.[T][ ] 92
	93.[T][ ] 93
	94.[T][ ] 94
	95.[T][ ] 95
	96.[T][ ] 96
	97.[T][ ] 97
	98.[T][ ] 98
	99.[T][ ] 99
	100.[T][ ] 100
	____________________________________________________________

	____________________________________________________________

	☹ OOPS!!! You have already added the maximum of 100 tasks! You can't add anymore tasks.
	____________________________________________________________

	____________________________________________________________

	☹ OOPS!!! You have already added the maximum of 100 tasks! You can't add anymore tasks.
	____________________________________________________________

	____________________________________________________________

	Here are the tasks in your list:
	1.[T][ ] 1
	2.[T][ ] 2
	3.[T][ ] 3
	4.[T][ ] 4
	5.[T][ ] 5
	6.[T][ ] 6
	7.[T][ ] 7
	8.[T][ ] 8
	9.[T][ ] 9
	10.[T][ ] 10
	11.[T][ ] 11
	12.[T][ ] 12
	13.[T][ ] 13
	14.[T][ ] 14
	15.[T][ ] 15
	16.[T][ ] 16
	17.[T][ ] 17
	18.[T][ ] 18
	19.[T][ ] 19
	20.[T][ ] 20
	21.[T][ ] 21
	22.[T][ ] 22
	23.[T][ ] 23
	24.[T][ ] 24
	25.[T][ ] 25
	26.[T][ ] 26
	27.[T][ ] 27
	28.[T][ ] 28
	29.[T][ ] 29
	30.[T][ ] 30
	31.[T][ ] 31
	32.[T][ ] 32
	33.[T][ ] 33
	34.[T][ ] 34
	35.[T][ ] 35
	36.[T][ ] 36
	37.[T][ ] 37
	38.[T][ ] 38
	39.[T][ ] 39
	40.[T][ ] 40
	41.[T][ ] 41
	42.[T][ ] 42
	43.[T][ ] 43
	44.[T][ ] 44
	45.[T][ ] 45
	46.[T][ ] 46
	47.[T][ ] 47
	48.[T][ ] 48
	49.[T][ ] 49
	50.[T][ ] 50
	51.[T][ ] 51
	52.[T][ ] 52
	53.[T][ ] 53
	54.[T][ ] 54
	55.[T][ ] 55
	56.[T][ ] 56
	57.[T][ ] 57
	58.[T][ ] 58
	59.[T][ ] 59
	60.[T][ ] 60
	61.[T][ ] 61
	62.[T][ ] 62
	63.[T][ ] 63
	64.[T][ ] 64
	65.[T][ ] 65
	66.[T][ ] 66
	67.[T][ ] 67
	68.[T][ ] 68
	69.[T][ ] 69
	70.[T][ ] 70
	71.[T][ ] 71
	72.[T][ ] 72
	73.[T][ ] 73
	74.[T][ ] 74
	75.[T][ ] 75
	76.[T][ ] 76
	77.[T][ ] 77
	78.[T][ ] 78
	79.[T][ ] 79
	80.[T][ ] 80
	81.[T][ ] 81
	82.[T][ ] 82
	83.[T][ ] 83
	84.[T][ ] 84
	85.[T][ ] 85
	86.[T][ ] 86
	87.[T][ ] 87
	88.[T][ ] 88
	89.[T][ ] 89
	90.[T][ ] 90
	91.[T][ ] 91
	92.[T][ ] 92
	93.[T][ ] 93
	94.[T][ ] 94
	95.[T][ ] 95
	96.[T][ ] 96
	97.[T][ ] 97
	98.[T][ ] 98
	99.[T][ ] 99
	100.[T][ ] 100
	____________________________________________________________

	____________________________________________________________

	Please enter a command keyword.
	____________________________________________________________

	____________________________________________________________

	Nice! I've marked this task as done:
	[T][X] 1
	____________________________________________________________

	____________________________________________________________

	Nice! I've marked this task as done:
	[T][X] 2
	____________________________________________________________

	____________________________________________________________

	Nice! I've marked this task as done:
	[T][X] 3
	____________________________________________________________

	____________________________________________________________

	Nice! I've marked this task as done:
	[T][X] 50
	____________________________________________________________

	____________________________________________________________

	Nice! I've marked this task as done:
	[T][X] 89
	____________________________________________________________

	____________________________________________________________

	Nice! I've marked this task as done:
	[T][X] 100
	____________________________________________________________

	____________________________________________________________

	☹ OOPS!!! Task number is out of bounds. Please try again!
	____________________________________________________________

	____________________________________________________________

	Here are the tasks in your list:
	1.[T][X] 1
	2.[T][X] 2
	3.[T][X] 3
	4.[T][ ] 4
	5.[T][ ] 5
	6.[T][ ] 6
	7.[T][ ] 7
	8.[T][ ] 8
	9.[T][ ] 9
	10.[T][ ] 10
	11.[T][ ] 11
	12.[T][ ] 12
	13.[T][ ] 13
	14.[T][ ] 14
	15.[T][ ] 15
	16.[T][ ] 16
	17.[T][ ] 17
	18.[T][ ] 18
	19.[T][ ] 19
	20.[T][ ] 20
	21.[T][ ] 21
	22.[T][ ] 22
	23.[T][ ] 23
	24.[T][ ] 24
	25.[T][ ] 25
	26.[T][ ] 26
	27.[T][ ] 27
	28.[T][ ] 28
	29.[T][ ] 29
	30.[T][ ] 30
	31.[T][ ] 31
	32.[T][ ] 32
	33.[T][ ] 33
	34.[T][ ] 34
	35.[T][ ] 35
	36.[T][ ] 36
	37.[T][ ] 37
	38.[T][ ] 38
	39.[T][ ] 39
	40.[T][ ] 40
	41.[T][ ] 41
	42.[T][ ] 42
	43.[T][ ] 43
	44.[T][ ] 44
	45.[T][ ] 45
	46.[T][ ] 46
	47.[T][ ] 47
	48.[T][ ] 48
	49.[T][ ] 49
	50.[T][X] 50
	51.[T][ ] 51
	52.[T][ ] 52
	53.[T][ ] 53
	54.[T][ ] 54
	55.[T][ ] 55
	56.[T][ ] 56
	57.[T][ ] 57
	58.[T][ ] 58
	59.[T][ ] 59
	60.[T][ ] 60
	61.[T][ ] 61
	62.[T][ ] 62
	63.[T][ ] 63
	64.[T][ ] 64
	65.[T][ ] 65
	66.[T][ ] 66
	67.[T][ ] 67
	68.[T][ ] 68
	69.[T][ ] 69
	70.[T][ ] 70
	71.[T][ ] 71
	72.[T][ ] 72
	73.[T][ ] 73
	74.[T][ ] 74
	75.[T][ ] 75
	76.[T][ ] 76
	77.[T][ ] 77
	78.[T][ ] 78
	79.[T][ ] 79
	80.[T][ ] 80
	81.[T][ ] 81
	82.[T][ ] 82
	83.[T][ ] 83
	84.[T][ ] 84
	85.[T][ ] 85
	86.[T][ ] 86
	87.[T][ ] 87
	88.[T][ ] 88
	89.[T][X] 89
	90.[T][ ] 90
	91.[T][ ] 91
	92.[T][ ] 92
	93.[T][ ] 93
	94.[T][ ] 94
	95.[T][ ] 95
	96.[T][ ] 96
	97.[T][ ] 97
	98.[T][ ] 98
	99.[T][ ] 99
	100.[T][X] 100
	____________________________________________________________

	____________________________________________________________

	Bye. Hope to see you again soon!
	____________________________________________________________

